PORTNAME=

CARGO_CRATES=

# enable all output serialization formats
CARGO_FEATURES=	all
