foo:
	alsdjflaskj

	lksdjflsadjf

	saldjflajf

VAR=
