portfmt: line 2: error building AST: could not find matching .for for .endfor on line 1-2
