portfmt: error building AST: could not find matching .if for .endif on line 1-2
