portfmt: error building AST: node stack not exhausted
