{ VARIABLE, line 1, .name = PORTSCOUT, .modifier = =, .comment = # bla, .words = { limit:^[0-9.]+$$ } }
{ VARIABLE, line 2, .name = PORTSCOUT, .modifier = =, .comment = # bla, .words = { limit:^[0-9.]+$$ } }
