{ IF/IF, line 1, .indent = 0, .test = { 1 }, .elseif = 0 }
=> if:
	{ VARIABLE, line 2, .name = fo, .modifier = =, .words = {  } }
=> else:
	{ IF/NDEF, line 3, .indent = 0, .test = { 2 }, .elseif = 1 }
