{ IF/IF, line 1, .indent = 0, .test = { 0 }, .elseif = 0 }
=> if:
	{ FOR, line 2, .indent = 4, .bindings = { deptype }, .words = { ${_OPTIONS_DEPENDS} } }
		{ IF/IF, line 3, .indent = 6, .test = { defined(${opt}_${deptype}_DEPENDS) }, .elseif = 0 }
		=> if:
			{ VARIABLE, line 4, .name = ${deptype}_DEPENDS, .modifier = +=, .words = { ${${opt}_${deptype}_DEPENDS} } }
=> else:
	{ IF/ELSE, line 7, .indent = 0, .test = {  }, .elseif = 1 }
	=> if:
		{ VARIABLE, line 8, .name = FOO, .modifier = =, .words = { asd } }
